// Jest Snapshot v1, https://goo.gl/fbAQLP

exports[`<Logo /> Should render and match the snapshot 1`] = `
<img
  alt="ROC Innovation Center | DigitalLab"
  class="LogoComponent-sc-1cbh0i-0 iCLpkg"
  src="IMAGE_MOCK"
/>
`;
