// Jest Snapshot v1, https://goo.gl/fbAQLP

exports[`<Sunburst /> Should render and match the snapshot 1`] = `
<div
  style="width: 320px; height: 320px;"
>
  <div
    style="width: 100%; height: 100%;"
  />
</div>
`;
