// Jest Snapshot v1, https://goo.gl/fbAQLP

exports[`<LinkButton /> Should render and match the snapshot 1`] = `
<button
  class="sc-1cbh0i-0 GNNOL"
  type="button"
/>
`;
